// Jest Snapshot v1, https://goo.gl/fbAQLP

exports[`Organisms/AlertDialogBox 正しくレンダリングされている 1`] = `<span />`;
